
R version 4.0.3 (2020-10-10) -- "Bunny-Wunnies Freak Out"
Copyright (C) 2020 The R Foundation for Statistical Computing
Platform: x86_64-apple-darwin17.0 (64-bit)

R is free software and comes with ABSOLUTELY NO WARRANTY.
You are welcome to redistribute it under certain conditions.
Type 'license()' or 'licence()' for distribution details.

  Natural language support but running in an English locale

R is a collaborative project with many contributors.
Type 'contributors()' for more information and
'citation()' on how to cite R or R packages in publications.

Type 'demo()' for some demos, 'help()' for on-line help, or
'help.start()' for an HTML browser interface to help.
Type 'q()' to quit R.

[R.app GUI 1.73 (7892) x86_64-apple-darwin17.0]

[History restored from /Users/madisonlilly/.Rapp.history]

2021-02-16 11:18:05.467 R[52106:10077171] +[NSSavePanel _warmUp] attempted warmup
> source("http://jonsmitchell.com/code/simFxn04.R")
Error in source("http://jonsmitchell.com/code/simFxn04.R") : 
  http://jonsmitchell.com/code/simFxn04.R:1:1: unexpected '<'
1: <
    ^
> source("http://jonsmitchell.com/code/simFxn04.R")
Error in file(filename, "r", encoding = encoding) : 
  cannot open the connection to 'http://jonsmitchell.com/code/simFxn04.R'
In addition: Warning message:
In file(filename, "r", encoding = encoding) :
  URL 'http://jonsmitchell.com/code/simFxn04.R': status was 'Couldn't resolve host name'
> http://jonsmitchell.com/code/simFxn04.R
Error: unexpected '/' in "http:/"
> source("http://jonsmitchell.com/code/simFxn04.R")
> setwd('~/Desktop/Evolution/Tasks/Tasks_03')
> trueMean1 <- 5
> trueSD1 <- 5
> population1 <- rnorm(1e6, trueMean1, trueSD1)
> trueMean2 <- 4
> trueSD2 <- 5
> population2 <- rnorm(1e6, trueMean1, trueSD1)
> # Sample of each population
> Size <- 50
> Sample1 <- sample(population1, Size)
> Sample2 <- sample(population2, Size)
> # compare samples w/ boxplot
> boxplot(Sample1, Sample2)
> # The populations were different but not a significant amount
> 
> source("http://jonsmitchell.com/code/simFxn04.R")
> MatGrandma <- makeFounder("grandma_mom")
> head(MatGrandma)
     z               z              
[1,] "grandma_mom-1" "grandma_mom-1"
[2,] "grandma_mom-2" "grandma_mom-2"
[3,] "grandma_mom-3" "grandma_mom-3"
[4,] "grandma_mom-4" "grandma_mom-4"
[5,] "grandma_mom-5" "grandma_mom-5"
[6,] "grandma_mom-6" "grandma_mom-6"
> MatGrandpa <- makeFounder("grandpa_mom")
> head(MatGrandpa)
     z               z              
[1,] "grandpa_mom-1" "grandpa_mom-1"
[2,] "grandpa_mom-2" "grandpa_mom-2"
[3,] "grandpa_mom-3" "grandpa_mom-3"
[4,] "grandpa_mom-4" "grandpa_mom-4"
[5,] "grandpa_mom-5" "grandpa_mom-5"
[6,] "grandpa_mom-6" "grandpa_mom-6"
> PatGrandma <- makeFounder("grandma_da")
> head(PatGrandma)
     z              z             
[1,] "grandma_da-1" "grandma_da-1"
[2,] "grandma_da-2" "grandma_da-2"
[3,] "grandma_da-3" "grandma_da-3"
[4,] "grandma_da-4" "grandma_da-4"
[5,] "grandma_da-5" "grandma_da-5"
[6,] "grandma_da-6" "grandma_da-6"
> PatGrandpa <- makeFounder("grandpa_da")
> head(PatGrandpa)
     z              z             
[1,] "grandpa_da-1" "grandpa_da-1"
[2,] "grandpa_da-2" "grandpa_da-2"
[3,] "grandpa_da-3" "grandpa_da-3"
[4,] "grandpa_da-4" "grandpa_da-4"
[5,] "grandpa_da-5" "grandpa_da-5"
[6,] "grandpa_da-6" "grandpa_da-6"
> # make Alan
> Alan <- makeBaby(PatGrandma, PatGrandpa)
> Focus <- makeBaby(Brenda, Alan)
Error in nrow(individual) : object 'Brenda' not found
> ToMom <- length( 
+ grep(Focus <- makeBaby(Brenda, Alan)
+ ToMom <- length( "mom", Focus))/ length(Focus)
Error: unexpected symbol in:
"grep(Focus <- makeBaby(Brenda, Alan)
ToMom"
> ToMom
Error: object 'ToMom' not found
> ToMomMom <- length(grep("grandma_mom", Focus))/ length(Focus)
Error in grep("grandma_mom", Focus) : object 'Focus' not found
> ToMomMom
Error: object 'ToMomMom' not found
> Brenda <- makeBaby(MatGrandma, MatGrandpa)
> grep(Focus <- makeBaby(Brenda, Alan)
+ ToMom <- length( "mom", Focus))/ length(Focus)
Error: unexpected symbol in:
"grep(Focus <- makeBaby(Brenda, Alan)
ToMom"
> ToMom
Error: object 'ToMom' not found
> 
> MatGrandma <- makeFounder("grandma_mom")
> head(MatGrandma)
     z               z              
[1,] "grandma_mom-1" "grandma_mom-1"
[2,] "grandma_mom-2" "grandma_mom-2"
[3,] "grandma_mom-3" "grandma_mom-3"
[4,] "grandma_mom-4" "grandma_mom-4"
[5,] "grandma_mom-5" "grandma_mom-5"
[6,] "grandma_mom-6" "grandma_mom-6"
> MatGrandpa <- makeFounder("grandpa_mom")
> head(MatGrandpa)
     z               z              
[1,] "grandpa_mom-1" "grandpa_mom-1"
[2,] "grandpa_mom-2" "grandpa_mom-2"
[3,] "grandpa_mom-3" "grandpa_mom-3"
[4,] "grandpa_mom-4" "grandpa_mom-4"
[5,] "grandpa_mom-5" "grandpa_mom-5"
[6,] "grandpa_mom-6" "grandpa_mom-6"
> PatGrandma <- makeFounder("grandma_da")
> head(PatGrandma)
     z              z             
[1,] "grandma_da-1" "grandma_da-1"
[2,] "grandma_da-2" "grandma_da-2"
[3,] "grandma_da-3" "grandma_da-3"
[4,] "grandma_da-4" "grandma_da-4"
[5,] "grandma_da-5" "grandma_da-5"
[6,] "grandma_da-6" "grandma_da-6"
> PatGrandpa <- makeFounder("grandpa_da")
> head(PatGrandpa)
     z              z             
[1,] "grandpa_da-1" "grandpa_da-1"
[2,] "grandpa_da-2" "grandpa_da-2"
[3,] "grandpa_da-3" "grandpa_da-3"
[4,] "grandpa_da-4" "grandpa_da-4"
[5,] "grandpa_da-5" "grandpa_da-5"
[6,] "grandpa_da-6" "grandpa_da-6"
> # make Alan
> Alan <- makeBaby(PatGrandma, PatGrandpa)
> # make Brenda
> Brenda <- makeBaby(MatGrandma, MatGrandpa)
> # First child, focus child
> grep(Focus <- makeBaby(Brenda, Alan)
+ ToMom <- length( "mom", Focus))/ length(Focus)
Error: unexpected symbol in:
"grep(Focus <- makeBaby(Brenda, Alan)
ToMom"
> ToMom
Error: object 'ToMom' not found
> Focus <- makeBaby(Brenda, Alan)
> ToMom <- length( grep("mom", Focus))/ length(Focus)
> ToMom
[1] 0.5
> # The number is 0.5. I figured it would be around that.
> ToMomMom <- length(grep("grandma_mom", Focus))/ length(Focus)
> ToMomMom
[1] 0.0869
> # The number is 0.4439
> ToMomDad <- length(grep( "grandma_mom", Focus))/ length(Focus)
> ToMomDad
[1] 0.0869
> # The number is 0.4439
> # The number is the same for both maternal grandparents and it is actually higher than I expected.
> Sibling_01 <- makeBaby(Brenda, Alan)
> # I figure it will be a less than 0.5.
> ToSib <- length(intersect(Focus, Sibling_01))/ length(Focus)
> Tosib
Error: object 'Tosib' not found
> # The number was a lot less than I expected
> # 1000 siblings
> ManySiblings <- replicate(1e3, length(intersect(Focus, makeBaby(Brenda, Alan)))/ length(Focus))
> ToSib <- length(intersect(Focus, Sibling_01))/ length(Focus)
> ToSib
[1] 0.7437
> # The number was a lot less than I expected
> # 1000 siblings
> ManySiblings <- replicate(1e3, length(intersect(Focus, makeBaby(Brenda, Alan)))/ length(Focus))
> # summarize data
> quantile(ManySiblings)
       0%       25%       50%       75%      100% 
0.0663000 0.3819500 0.4915500 0.6130375 0.9531000 
> mean(ManySiblings)
[1] 0.4982883
> # Plot data
> plot(density(ManySiblings), main= "", xlab="proportion shared genes")
> # The values range because you do not inherit all/every gene from everyone in your family tree.
> HWE <- function(p) {
+ 	aa <- p^2
+ 	ab <- 2*p*(1-p)
+ 	bb <- (1-p)^2
+ 	return(c(aa=aa, ab=ab, bb=bb))
+ }
> HWE(0.5)
  aa   ab   bb 
0.25 0.50 0.25 
> # aa=0.25 ab=0.50 bb=0.25
> plot(1, 1, type="n", xlim=c(0, 1), ylim=c(0, 1), xlab="freq. allele a", ylab="geno. freq")
> p <- seq(from = 0, to = 1, by = 0.01)
> GenoFreq <- t(sapply(p, HWE))
> # Plot known vs expected
> lines(p, GenoFreq[,"aa"], lwd=2, col="red")
> # Shows inc in geno freq
> lines(p, GenoFreq[, "ab"], lwd=2, col="purple")
> lines(p, GenoFreq[, "bb"], lwd=2, col="blue")
> legend("top", legend=c("aa", "ab", "bb"), col=c("red", "purple", "blue"), lty=1, lwd=2, bty="n")
> 
> Pop<- simPop(500)
> points(Pop[,"freqa"], Pop[,"Genotypes.aa"]/500, pch=21, bg="red")
> # No it doesn't
> Pop <- simPop(50)
> points(Pop[,"freqa"], Pop[,"Genotypes.aa"]/50, pch=22, bg="red")
> #
> 
> library(learnPopGen)
Error: package or namespace load failed for ‘learnPopGen’ in loadNamespace(j <- i[[1L]], c(lib.loc, .libPaths()), versionCheck = vI[[j]]):
 there is no package called ‘maps’
> install.packages("learnPopGen", dep=T)
--- Please select a CRAN mirror for use in this session ---
trying URL 'https://ftp.osuosl.org/pub/cran/bin/macosx/contrib/4.0/learnPopGen_1.0.4.tgz'
Content type 'application/x-gzip' length 175740 bytes (171 KB)
==================================================
downloaded 171 KB


The downloaded binary packages are in
	/var/folders/n7/d3jm9tl93nzd73pycdd2qsh40000gn/T//RtmpL341mK/downloaded_packages
> library(learnPopGen)
Error: package or namespace load failed for ‘learnPopGen’ in loadNamespace(j <- i[[1L]], c(lib.loc, .libPaths()), versionCheck = vI[[j]]):
 there is no package called ‘maps’
> install.packages("maps", dep=T)
also installing the dependencies ‘e1071’, ‘classInt’, ‘DBI’, ‘units’, ‘sf’, ‘mapproj’, ‘mapdata’, ‘sp’, ‘maptools’, ‘rnaturalearth’

trying URL 'https://ftp.osuosl.org/pub/cran/bin/macosx/contrib/4.0/e1071_1.7-4.tgz'
Content type 'application/x-gzip' length 893797 bytes (872 KB)
==================================================
downloaded 872 KB

trying URL 'https://ftp.osuosl.org/pub/cran/bin/macosx/contrib/4.0/classInt_0.4-3.tgz'
Content type 'application/x-gzip' length 453296 bytes (442 KB)
==================================================
downloaded 442 KB

trying URL 'https://ftp.osuosl.org/pub/cran/bin/macosx/contrib/4.0/DBI_1.1.1.tgz'
Content type 'application/x-gzip' length 670916 bytes (655 KB)
==================================================
downloaded 655 KB

trying URL 'https://ftp.osuosl.org/pub/cran/bin/macosx/contrib/4.0/units_0.6-7.tgz'
Content type 'application/x-gzip' length 1359161 bytes (1.3 MB)
==================================================
downloaded 1.3 MB

trying URL 'https://ftp.osuosl.org/pub/cran/bin/macosx/contrib/4.0/sf_0.9-7.tgz'
Content type 'application/x-gzip' length 89143896 bytes (85.0 MB)
==================================================
downloaded 85.0 MB

trying URL 'https://ftp.osuosl.org/pub/cran/bin/macosx/contrib/4.0/mapproj_1.2.7.tgz'
Content type 'application/x-gzip' length 83240 bytes (81 KB)
==================================================
downloaded 81 KB

trying URL 'https://ftp.osuosl.org/pub/cran/bin/macosx/contrib/4.0/mapdata_2.3.0.tgz'
Content type 'application/x-gzip' length 25465976 bytes (24.3 MB)
==================================================
downloaded 24.3 MB

trying URL 'https://ftp.osuosl.org/pub/cran/bin/macosx/contrib/4.0/sp_1.4-5.tgz'
Content type 'application/x-gzip' length 1846583 bytes (1.8 MB)
==================================================
downloaded 1.8 MB

trying URL 'https://ftp.osuosl.org/pub/cran/bin/macosx/contrib/4.0/maptools_1.0-2.tgz'
Content type 'application/x-gzip' length 2173904 bytes (2.1 MB)
==================================================
downloaded 2.1 MB

trying URL 'https://ftp.osuosl.org/pub/cran/bin/macosx/contrib/4.0/rnaturalearth_0.1.0.tgz'
Content type 'application/x-gzip' length 221077 bytes (215 KB)
==================================================
downloaded 215 KB

trying URL 'https://ftp.osuosl.org/pub/cran/bin/macosx/contrib/4.0/maps_3.3.0.tgz'
Content type 'application/x-gzip' length 3687860 bytes (3.5 MB)
==================================================
downloaded 3.5 MB


The downloaded binary packages are in
	/var/folders/n7/d3jm9tl93nzd73pycdd2qsh40000gn/T//RtmpL341mK/downloaded_packages
> library(learnPopGen)
> x <- genetic.drift(Ne=200, nrep=5, pause=0.01)
> x <- genetic.drift(Ne=400, nrep=5, pause=0.01)
> x <- genetic.drift(Ne=700, nrep=5, pause=0.01)
> PopSizes <- 5:50
> Samples <- rep(PopSizes, 5)
> tExt <- sapply(Samples, function(x) nrow(simPop(x, 500)))
> Line <- lm(tExt ~ Samples)
> summary(Line)

Call:
lm(formula = tExt ~ Samples)

Residuals:
    Min      1Q  Median      3Q     Max 
-97.912 -32.879  -8.195  15.670 275.095 

Coefficients:
            Estimate Std. Error t value Pr(>|t|)    
(Intercept)  -4.9228     8.2112   -0.60    0.549    
Samples       2.8740     0.2689   10.69   <2e-16 ***
---
Signif. codes:  0 ‘***’ 0.001 ‘**’ 0.01 ‘*’ 0.05 ‘.’ 0.1 ‘ ’ 1

Residual standard error: 54.14 on 228 degrees of freedom
Multiple R-squared:  0.3338,	Adjusted R-squared:  0.3309 
F-statistic: 114.2 on 1 and 228 DF,  p-value: < 2.2e-16

> Line$coef
(Intercept)     Samples 
  -4.922788    2.874030 
> plot(Samples, tExt)
> abline(Line)
> # Extra Credit
> Line2 <-lm(tExt~Samples+0)
> summary(Line2)

Call:
lm(formula = tExt ~ Samples + 0)

Residuals:
   Min     1Q Median     3Q    Max 
-96.88 -33.74 -10.87  15.36 277.29 

Coefficients:
        Estimate Std. Error t value Pr(>|t|)    
Samples   2.7289     0.1167   23.38   <2e-16 ***
---
Signif. codes:  0 ‘***’ 0.001 ‘**’ 0.01 ‘*’ 0.05 ‘.’ 0.1 ‘ ’ 1

Residual standard error: 54.06 on 229 degrees of freedom
Multiple R-squared:  0.7047,	Adjusted R-squared:  0.7034 
F-statistic: 546.4 on 1 and 229 DF,  p-value: < 2.2e-16

> Line2$coef
 Samples 
2.728854 
> plot(Samples, tExt)
> abline(Line2)
> 